// Jest Snapshot v1, https://goo.gl/fbAQLP

exports[`<HomePage /> should render and match the snapshot 1`] = `
<section>
  <h2>
    All Posts
  </h2>
  <div
    class="Wrapper-sc-1umgotm-0 kAfbYF"
  >
    <ul
      class="Ul-mwnq6h-0 jcxXFy"
    >
      <li
        class="Wrapper-euo0oy-0 jLvxtc"
      >
        <div
          class="Item-sc-3y9mie-0 fKXSkT"
        >
          Something went wrong, please try again!
        </div>
      </li>
    </ul>
  </div>
</section>
`;
