// Jest Snapshot v1, https://goo.gl/fbAQLP

exports[`getPosts Saga should call the getPostsFail action if the response errors 1`] = `
Object {
  "@@redux-saga/IO": true,
  "combinator": false,
  "payload": Object {
    "args": Array [
      "http://localhost:3000/api",
    ],
    "context": null,
    "fn": [Function],
  },
  "type": "CALL",
}
`;

exports[`getPosts Saga should dispatch the getPostsSuccess action if it requests the data successfully 1`] = `
Object {
  "@@redux-saga/IO": true,
  "combinator": false,
  "payload": Object {
    "args": Array [
      "http://localhost:3000/api",
    ],
    "context": null,
    "fn": [Function],
  },
  "type": "CALL",
}
`;
